------------------------------------------------------------
Timing Analyzer Summary
------------------------------------------------------------

Type  : Slow 1200mV 85C Model Setup 'IR_RECEIVE:u1|oDATA[0]'
Slack : -12.933
TNS   : -187.416

Type  : Slow 1200mV 85C Model Setup 'CLOCK_50'
Slack : -4.819
TNS   : -13.530

Type  : Slow 1200mV 85C Model Setup 'u0|altpll_component|auto_generated|pll1|clk[0]'
Slack : 13.944
TNS   : 0.000

Type  : Slow 1200mV 85C Model Hold 'IR_RECEIVE:u1|oDATA[0]'
Slack : -0.968
TNS   : -2.801

Type  : Slow 1200mV 85C Model Hold 'CLOCK_50'
Slack : 0.061
TNS   : 0.000

Type  : Slow 1200mV 85C Model Hold 'u0|altpll_component|auto_generated|pll1|clk[0]'
Slack : 0.403
TNS   : 0.000

Type  : Slow 1200mV 85C Model Minimum Pulse Width 'IR_RECEIVE:u1|oDATA[0]'
Slack : 0.428
TNS   : 0.000

Type  : Slow 1200mV 85C Model Minimum Pulse Width 'CLOCK_50'
Slack : 9.419
TNS   : 0.000

Type  : Slow 1200mV 85C Model Minimum Pulse Width 'u0|altpll_component|auto_generated|pll1|clk[0]'
Slack : 9.707
TNS   : 0.000

Type  : Slow 1200mV 0C Model Setup 'IR_RECEIVE:u1|oDATA[0]'
Slack : -11.819
TNS   : -171.192

Type  : Slow 1200mV 0C Model Setup 'CLOCK_50'
Slack : -4.259
TNS   : -11.949

Type  : Slow 1200mV 0C Model Setup 'u0|altpll_component|auto_generated|pll1|clk[0]'
Slack : 14.402
TNS   : 0.000

Type  : Slow 1200mV 0C Model Hold 'IR_RECEIVE:u1|oDATA[0]'
Slack : -0.774
TNS   : -2.187

Type  : Slow 1200mV 0C Model Hold 'CLOCK_50'
Slack : 0.043
TNS   : 0.000

Type  : Slow 1200mV 0C Model Hold 'u0|altpll_component|auto_generated|pll1|clk[0]'
Slack : 0.355
TNS   : 0.000

Type  : Slow 1200mV 0C Model Minimum Pulse Width 'IR_RECEIVE:u1|oDATA[0]'
Slack : 0.437
TNS   : 0.000

Type  : Slow 1200mV 0C Model Minimum Pulse Width 'CLOCK_50'
Slack : 9.443
TNS   : 0.000

Type  : Slow 1200mV 0C Model Minimum Pulse Width 'u0|altpll_component|auto_generated|pll1|clk[0]'
Slack : 9.709
TNS   : 0.000

Type  : Fast 1200mV 0C Model Setup 'IR_RECEIVE:u1|oDATA[0]'
Slack : -6.618
TNS   : -90.924

Type  : Fast 1200mV 0C Model Setup 'CLOCK_50'
Slack : -1.974
TNS   : -5.493

Type  : Fast 1200mV 0C Model Setup 'u0|altpll_component|auto_generated|pll1|clk[0]'
Slack : 16.977
TNS   : 0.000

Type  : Fast 1200mV 0C Model Hold 'IR_RECEIVE:u1|oDATA[0]'
Slack : -0.886
TNS   : -2.521

Type  : Fast 1200mV 0C Model Hold 'CLOCK_50'
Slack : -0.097
TNS   : -0.420

Type  : Fast 1200mV 0C Model Hold 'u0|altpll_component|auto_generated|pll1|clk[0]'
Slack : 0.183
TNS   : 0.000

Type  : Fast 1200mV 0C Model Minimum Pulse Width 'IR_RECEIVE:u1|oDATA[0]'
Slack : 0.380
TNS   : 0.000

Type  : Fast 1200mV 0C Model Minimum Pulse Width 'CLOCK_50'
Slack : 9.243
TNS   : 0.000

Type  : Fast 1200mV 0C Model Minimum Pulse Width 'u0|altpll_component|auto_generated|pll1|clk[0]'
Slack : 9.780
TNS   : 0.000

------------------------------------------------------------
