------------------------------------------------------------
Timing Analyzer Summary
------------------------------------------------------------

Type  : Slow 1200mV 85C Model Setup 'IR_RECEIVE:u1|oDATA[0]'
Slack : -5.423
TNS   : -68.129

Type  : Slow 1200mV 85C Model Setup 'CLOCK_50'
Slack : -1.968
TNS   : -5.855

Type  : Slow 1200mV 85C Model Setup 'u0|altpll_component|auto_generated|pll1|clk[0]'
Slack : 13.123
TNS   : 0.000

Type  : Slow 1200mV 85C Model Hold 'IR_RECEIVE:u1|oDATA[0]'
Slack : -4.321
TNS   : -12.957

Type  : Slow 1200mV 85C Model Hold 'u0|altpll_component|auto_generated|pll1|clk[0]'
Slack : 0.402
TNS   : 0.000

Type  : Slow 1200mV 85C Model Hold 'CLOCK_50'
Slack : 0.403
TNS   : 0.000

Type  : Slow 1200mV 85C Model Minimum Pulse Width 'IR_RECEIVE:u1|oDATA[0]'
Slack : 0.415
TNS   : 0.000

Type  : Slow 1200mV 85C Model Minimum Pulse Width 'CLOCK_50'
Slack : 9.682
TNS   : 0.000

Type  : Slow 1200mV 85C Model Minimum Pulse Width 'u0|altpll_component|auto_generated|pll1|clk[0]'
Slack : 9.707
TNS   : 0.000

Type  : Slow 1200mV 0C Model Setup 'IR_RECEIVE:u1|oDATA[0]'
Slack : -5.072
TNS   : -64.585

Type  : Slow 1200mV 0C Model Setup 'CLOCK_50'
Slack : -1.690
TNS   : -5.015

Type  : Slow 1200mV 0C Model Setup 'u0|altpll_component|auto_generated|pll1|clk[0]'
Slack : 13.632
TNS   : 0.000

Type  : Slow 1200mV 0C Model Hold 'IR_RECEIVE:u1|oDATA[0]'
Slack : -3.828
TNS   : -11.479

Type  : Slow 1200mV 0C Model Hold 'u0|altpll_component|auto_generated|pll1|clk[0]'
Slack : 0.354
TNS   : 0.000

Type  : Slow 1200mV 0C Model Hold 'CLOCK_50'
Slack : 0.355
TNS   : 0.000

Type  : Slow 1200mV 0C Model Minimum Pulse Width 'IR_RECEIVE:u1|oDATA[0]'
Slack : 0.445
TNS   : 0.000

Type  : Slow 1200mV 0C Model Minimum Pulse Width 'CLOCK_50'
Slack : 9.689
TNS   : 0.000

Type  : Slow 1200mV 0C Model Minimum Pulse Width 'u0|altpll_component|auto_generated|pll1|clk[0]'
Slack : 9.701
TNS   : 0.000

Type  : Fast 1200mV 0C Model Setup 'IR_RECEIVE:u1|oDATA[0]'
Slack : -2.668
TNS   : -32.043

Type  : Fast 1200mV 0C Model Setup 'CLOCK_50'
Slack : -0.479
TNS   : -1.429

Type  : Fast 1200mV 0C Model Setup 'u0|altpll_component|auto_generated|pll1|clk[0]'
Slack : 16.575
TNS   : 0.000

Type  : Fast 1200mV 0C Model Hold 'IR_RECEIVE:u1|oDATA[0]'
Slack : -2.384
TNS   : -7.148

Type  : Fast 1200mV 0C Model Hold 'u0|altpll_component|auto_generated|pll1|clk[0]'
Slack : 0.181
TNS   : 0.000

Type  : Fast 1200mV 0C Model Hold 'CLOCK_50'
Slack : 0.183
TNS   : 0.000

Type  : Fast 1200mV 0C Model Minimum Pulse Width 'IR_RECEIVE:u1|oDATA[0]'
Slack : 0.292
TNS   : 0.000

Type  : Fast 1200mV 0C Model Minimum Pulse Width 'CLOCK_50'
Slack : 9.240
TNS   : 0.000

Type  : Fast 1200mV 0C Model Minimum Pulse Width 'u0|altpll_component|auto_generated|pll1|clk[0]'
Slack : 9.780
TNS   : 0.000

------------------------------------------------------------
