------------------------------------------------------------
Timing Analyzer Summary
------------------------------------------------------------

Type  : Slow 1200mV 85C Model Setup 'CLOCK_50'
Slack : -5.034
TNS   : -425.375

Type  : Slow 1200mV 85C Model Hold 'CLOCK_50'
Slack : 0.386
TNS   : 0.000

Type  : Slow 1200mV 85C Model Recovery 'CLOCK_50'
Slack : -0.946
TNS   : -3.479

Type  : Slow 1200mV 85C Model Removal 'CLOCK_50'
Slack : 0.915
TNS   : 0.000

Type  : Slow 1200mV 85C Model Minimum Pulse Width 'CLOCK_50'
Slack : -3.000
TNS   : -217.224

Type  : Slow 1200mV 0C Model Setup 'CLOCK_50'
Slack : -4.412
TNS   : -375.253

Type  : Slow 1200mV 0C Model Hold 'CLOCK_50'
Slack : 0.340
TNS   : 0.000

Type  : Slow 1200mV 0C Model Recovery 'CLOCK_50'
Slack : -0.763
TNS   : -2.669

Type  : Slow 1200mV 0C Model Removal 'CLOCK_50'
Slack : 0.831
TNS   : 0.000

Type  : Slow 1200mV 0C Model Minimum Pulse Width 'CLOCK_50'
Slack : -3.000
TNS   : -216.682

Type  : Fast 1200mV 0C Model Setup 'CLOCK_50'
Slack : -1.954
TNS   : -138.014

Type  : Fast 1200mV 0C Model Hold 'CLOCK_50'
Slack : 0.175
TNS   : 0.000

Type  : Fast 1200mV 0C Model Recovery 'CLOCK_50'
Slack : 0.057
TNS   : 0.000

Type  : Fast 1200mV 0C Model Removal 'CLOCK_50'
Slack : 0.436
TNS   : 0.000

Type  : Fast 1200mV 0C Model Minimum Pulse Width 'CLOCK_50'
Slack : -3.000
TNS   : -178.140

------------------------------------------------------------
